// Jest Snapshot v1, https://goo.gl/fbAQLP

exports[`<Jumbotron/> renders the basic <Jumbotron /> with populated data 1`] = `
<div
  class="jumbotron__Container-sc-4dif3w-2 bYOWlL"
>
  <div
    class="jumbotron__Item-sc-4dif3w-0 frMsBR"
  >
    <div
      class="jumbotron__Inner-sc-4dif3w-1 bGIDgw"
      direction="row"
    >
      <div
        class="jumbotron__Pane-sc-4dif3w-3 bLIgTa"
      >
        <h1
          class="jumbotron__Title-sc-4dif3w-4 kzXxPd"
        >
          Enjoy on your TV.
        </h1>
        <h2
          class="jumbotron__SubTitle-sc-4dif3w-5 gZTGIO"
        >
          Watch on smart TVs, PlayStation, Xbox, Chromecast, Apple TV, Blu-ray players and more.
        </h2>
      </div>
      <div
        class="jumbotron__Pane-sc-4dif3w-3 bLIgTa"
      >
        <img
          alt="Tiger King on Netflix"
          class="jumbotron__Image-sc-4dif3w-6 jNbjSw"
          data-testid="1-jumbo-image"
          src="/images/misc/home-tv.jpg"
        />
      </div>
    </div>
  </div>
  <div
    class="jumbotron__Item-sc-4dif3w-0 frMsBR"
  >
    <div
      class="jumbotron__Inner-sc-4dif3w-1 dZDOWt"
      direction="row-reverse"
    >
      <div
        class="jumbotron__Pane-sc-4dif3w-3 bLIgTa"
      >
        <h1
          class="jumbotron__Title-sc-4dif3w-4 kzXxPd"
        >
          Download your programmes to watch on the go.
        </h1>
        <h2
          class="jumbotron__SubTitle-sc-4dif3w-5 gZTGIO"
        >
          Save your data and watch all your favourites offline.
        </h2>
      </div>
      <div
        class="jumbotron__Pane-sc-4dif3w-3 bLIgTa"
      >
        <img
          alt="Watch on mobile"
          class="jumbotron__Image-sc-4dif3w-6 jNbjSw"
          data-testid="2-jumbo-image"
          src="/images/misc/home-mobile.jpg"
        />
      </div>
    </div>
  </div>
  <div
    class="jumbotron__Item-sc-4dif3w-0 frMsBR"
  >
    <div
      class="jumbotron__Inner-sc-4dif3w-1 bGIDgw"
      direction="row"
    >
      <div
        class="jumbotron__Pane-sc-4dif3w-3 bLIgTa"
      >
        <h1
          class="jumbotron__Title-sc-4dif3w-4 kzXxPd"
        >
          Watch everywhere.
        </h1>
        <h2
          class="jumbotron__SubTitle-sc-4dif3w-5 gZTGIO"
        >
          Stream unlimited films and TV programmes on your phone, tablet, laptop and TV without paying more.
        </h2>
      </div>
      <div
        class="jumbotron__Pane-sc-4dif3w-3 bLIgTa"
      >
        <img
          alt="Money Heist on Netflix"
          class="jumbotron__Image-sc-4dif3w-6 jNbjSw"
          data-testid="3-jumbo-image"
          src="/images/misc/home-imac.jpg"
        />
      </div>
    </div>
  </div>
</div>
`;
