// Jest Snapshot v1, https://goo.gl/fbAQLP

exports[`<Loading /> renders the <Loading /> 1`] = `
<div
  class="loading__Spinner-sc-1egd6g1-0 cIRKEH"
  data-testid="loading"
>
  <img
    class="loading__Picture-sc-1egd6g1-1 cFNYcS"
    data-testid="loading-picture"
    src="/images/users//images/karl.png.png"
  />
</div>
`;

exports[`<Loading /> renders the <Loading.ReleaseBody /> 1`] = `null`;
