// Jest Snapshot v1, https://goo.gl/fbAQLP

exports[`<Player/> renders the <Player/> with a bunny video 1`] = `
<div
  class="player__Container-w797vw-0"
>
  <button
    class="player__Button-w797vw-3 huvhoE"
  >
    Play
  </button>
</div>
`;
