// Jest Snapshot v1, https://goo.gl/fbAQLP

exports[`<Profiles/> renders the basic <Profiles /> with populated data 1`] = `
<div
  class="profiles__Container-sc-1np8zuc-0 UDmQO"
>
  <h1
    class="profiles__Title-sc-1np8zuc-1 icqqrW"
  >
    Who's watching?
  </h1>
  <ul
    class="profiles__List-sc-1np8zuc-2 hsezr"
  >
    <li
      class="profiles__Item-sc-1np8zuc-5 gMayKR"
    >
      <img
        class="profiles__Picture-sc-1np8zuc-4 fyxsdE"
        data-testid="profile-picture"
        src="/images/users//images/karl.png.png"
      />
      <span
        class="profiles__UserName-sc-1np8zuc-3 bxBNXV"
      >
        Karl
      </span>
    </li>
  </ul>
</div>
`;
